2025-10-31 17:56:29,838 - __main__ - INFO - 从数据库获取到 30 个股票代码
2025-10-31 17:56:29,838 - app.services.tushare_daily_service - INFO - 同步复权因子: 20221101 - 20251031
2025-10-31 17:56:29,838 - app.services.tushare_daily_service - INFO - 处理第 1/3 批复权因子: 10只股票
2025-10-31 17:56:30,001 - app.services.strategy_database_service - ERROR - 数据库连接失败: 'str' object has no attribute 'strftime'
2025-10-31 17:56:30,002 - app.services.tushare_daily_service - ERROR - 获取交易日期失败: 'str' object has no attribute 'strftime'
2025-10-31 17:56:30,035 - app.services.strategy_database_service - ERROR - 数据库连接失败: 'str' object has no attribute 'strftime'
2025-10-31 17:56:30,036 - app.services.tushare_daily_service - ERROR - 获取交易日期失败: 'str' object has no attribute 'strftime'
2025-10-31 17:56:30,066 - app.services.strategy_database_service - ERROR - 数据库连接失败: 'str' object has no attribute 'strftime'
2025-10-31 17:56:30,066 - app.services.tushare_daily_service - ERROR - 获取交易日期失败: 'str' object has no attribute 'strftime'
2025-10-31 17:56:30,097 - app.services.strategy_database_service - ERROR - 数据库连接失败: 'str' object has no attribute 'strftime'
2025-10-31 17:56:30,097 - app.services.tushare_daily_service - ERROR - 获取交易日期失败: 'str' object has no attribute 'strftime'
2025-10-31 17:56:30,127 - app.services.strategy_database_service - ERROR - 数据库连接失败: 'str' object has no attribute 'strftime'
2025-10-31 17:56:30,128 - app.services.tushare_daily_service - ERROR - 获取交易日期失败: 'str' object has no attribute 'strftime'
2025-10-31 17:56:30,158 - app.services.strategy_database_service - ERROR - 数据库连接失败: 'str' object has no attribute 'strftime'
2025-10-31 17:56:30,159 - app.services.tushare_daily_service - ERROR - 获取交易日期失败: 'str' object has no attribute 'strftime'
2025-10-31 17:56:30,191 - app.services.strategy_database_service - ERROR - 数据库连接失败: 'str' object has no attribute 'strftime'
2025-10-31 17:56:30,192 - app.services.tushare_daily_service - ERROR - 获取交易日期失败: 'str' object has no attribute 'strftime'
2025-10-31 17:56:30,221 - app.services.strategy_database_service - ERROR - 数据库连接失败: 'str' object has no attribute 'strftime'
2025-10-31 17:56:30,222 - app.services.tushare_daily_service - ERROR - 获取交易日期失败: 'str' object has no attribute 'strftime'
2025-10-31 17:56:30,253 - app.services.strategy_database_service - ERROR - 数据库连接失败: 'str' object has no attribute 'strftime'
2025-10-31 17:56:30,254 - app.services.tushare_daily_service - ERROR - 获取交易日期失败: 'str' object has no attribute 'strftime'
2025-10-31 17:56:30,283 - app.services.strategy_database_service - ERROR - 数据库连接失败: 'str' object has no attribute 'strftime'
2025-10-31 17:56:30,283 - app.services.tushare_daily_service - ERROR - 获取交易日期失败: 'str' object has no attribute 'strftime'
2025-10-31 17:56:32,842 - app.services.tushare_daily_service - INFO - 处理第 2/3 批复权因子: 10只股票
2025-10-31 17:56:32,849 - app.services.strategy_database_service - ERROR - 数据库连接失败: 'str' object has no attribute 'strftime'
2025-10-31 17:56:32,849 - app.services.tushare_daily_service - ERROR - 获取交易日期失败: 'str' object has no attribute 'strftime'
2025-10-31 17:56:32,860 - app.services.strategy_database_service - ERROR - 数据库连接失败: 'str' object has no attribute 'strftime'
2025-10-31 17:56:32,861 - app.services.tushare_daily_service - ERROR - 获取交易日期失败: 'str' object has no attribute 'strftime'
2025-10-31 17:56:32,870 - app.services.strategy_database_service - ERROR - 数据库连接失败: 'str' object has no attribute 'strftime'
2025-10-31 17:56:32,870 - app.services.tushare_daily_service - ERROR - 获取交易日期失败: 'str' object has no attribute 'strftime'
2025-10-31 17:56:32,882 - app.services.strategy_database_service - ERROR - 数据库连接失败: 'str' object has no attribute 'strftime'
2025-10-31 17:56:32,882 - app.services.tushare_daily_service - ERROR - 获取交易日期失败: 'str' object has no attribute 'strftime'
2025-10-31 17:56:32,892 - app.services.strategy_database_service - ERROR - 数据库连接失败: 'str' object has no attribute 'strftime'
2025-10-31 17:56:32,892 - app.services.tushare_daily_service - ERROR - 获取交易日期失败: 'str' object has no attribute 'strftime'
2025-10-31 17:56:32,901 - app.services.strategy_database_service - ERROR - 数据库连接失败: 'str' object has no attribute 'strftime'
2025-10-31 17:56:32,901 - app.services.tushare_daily_service - ERROR - 获取交易日期失败: 'str' object has no attribute 'strftime'
2025-10-31 17:56:32,925 - app.services.strategy_database_service - ERROR - 数据库连接失败: 'str' object has no attribute 'strftime'
2025-10-31 17:56:32,925 - app.services.tushare_daily_service - ERROR - 获取交易日期失败: 'str' object has no attribute 'strftime'
2025-10-31 17:56:32,956 - app.services.strategy_database_service - ERROR - 数据库连接失败: 'str' object has no attribute 'strftime'
2025-10-31 17:56:32,956 - app.services.tushare_daily_service - ERROR - 获取交易日期失败: 'str' object has no attribute 'strftime'
2025-10-31 17:56:32,986 - app.services.strategy_database_service - ERROR - 数据库连接失败: 'str' object has no attribute 'strftime'
2025-10-31 17:56:32,987 - app.services.tushare_daily_service - ERROR - 获取交易日期失败: 'str' object has no attribute 'strftime'
2025-10-31 17:56:33,017 - app.services.strategy_database_service - ERROR - 数据库连接失败: 'str' object has no attribute 'strftime'
2025-10-31 17:56:33,017 - app.services.tushare_daily_service - ERROR - 获取交易日期失败: 'str' object has no attribute 'strftime'
2025-10-31 17:56:35,536 - app.services.tushare_daily_service - INFO - 处理第 3/3 批复权因子: 10只股票
2025-10-31 17:56:35,559 - app.services.strategy_database_service - ERROR - 数据库连接失败: 'str' object has no attribute 'strftime'
2025-10-31 17:56:35,559 - app.services.tushare_daily_service - ERROR - 获取交易日期失败: 'str' object has no attribute 'strftime'
2025-10-31 17:56:35,589 - app.services.strategy_database_service - ERROR - 数据库连接失败: 'str' object has no attribute 'strftime'
2025-10-31 17:56:35,589 - app.services.tushare_daily_service - ERROR - 获取交易日期失败: 'str' object has no attribute 'strftime'
2025-10-31 17:56:35,621 - app.services.strategy_database_service - ERROR - 数据库连接失败: 'str' object has no attribute 'strftime'
2025-10-31 17:56:35,622 - app.services.tushare_daily_service - ERROR - 获取交易日期失败: 'str' object has no attribute 'strftime'
2025-10-31 17:56:35,654 - app.services.strategy_database_service - ERROR - 数据库连接失败: 'str' object has no attribute 'strftime'
2025-10-31 17:56:35,654 - app.services.tushare_daily_service - ERROR - 获取交易日期失败: 'str' object has no attribute 'strftime'
2025-10-31 17:56:35,682 - app.services.strategy_database_service - ERROR - 数据库连接失败: 'str' object has no attribute 'strftime'
2025-10-31 17:56:35,683 - app.services.tushare_daily_service - ERROR - 获取交易日期失败: 'str' object has no attribute 'strftime'
2025-10-31 17:56:35,714 - app.services.strategy_database_service - ERROR - 数据库连接失败: 'str' object has no attribute 'strftime'
2025-10-31 17:56:35,714 - app.services.tushare_daily_service - ERROR - 获取交易日期失败: 'str' object has no attribute 'strftime'
2025-10-31 17:56:35,744 - app.services.strategy_database_service - ERROR - 数据库连接失败: 'str' object has no attribute 'strftime'
2025-10-31 17:56:35,745 - app.services.tushare_daily_service - ERROR - 获取交易日期失败: 'str' object has no attribute 'strftime'
2025-10-31 17:56:35,776 - app.services.strategy_database_service - ERROR - 数据库连接失败: 'str' object has no attribute 'strftime'
2025-10-31 17:56:35,776 - app.services.tushare_daily_service - ERROR - 获取交易日期失败: 'str' object has no attribute 'strftime'
2025-10-31 17:56:35,786 - app.services.strategy_database_service - ERROR - 数据库连接失败: 'str' object has no attribute 'strftime'
2025-10-31 17:56:35,787 - app.services.tushare_daily_service - ERROR - 获取交易日期失败: 'str' object has no attribute 'strftime'
2025-10-31 17:56:35,806 - app.services.strategy_database_service - ERROR - 数据库连接失败: 'str' object has no attribute 'strftime'
2025-10-31 17:56:35,806 - app.services.tushare_daily_service - ERROR - 获取交易日期失败: 'str' object has no attribute 'strftime'
2025-10-31 17:56:37,146 - app.services.tushare_daily_service - INFO - 复权因子同步完成: 总计23520条记录
